// Jest Snapshot v1, https://goo.gl/fbAQLP

exports[` 1`] = `
<div
  className="feedbackSession-container"
  id="feedbackSession-container-id"
>
  <div
    className="feedback-sessions-create-container"
  >
    <input
      className="feedbackSession-input"
      id="feedbackSession-input-id"
      onChange={[Function]}
      value=""
    />
    <button
      className="feedbackSession-button"
      id="feedbackSession-button-id"
      onClick={[Function]}
      type="button"
    >
      Create Feedback Session
    </button>
  </div>
  <div>
    <table
      id="all-feedbackSessions-ordered-list"
    >
      <thead>
        <tr
          className="feedbackSession-table-header"
        >
          <th>
             Id 
          </th>
          <th>
             description 
          </th>
          <th>
             Created By 
          </th>
        </tr>
      </thead>
      <tbody
        className="feedbackSession-table-body"
        id="all-feedbackSession-table-body-id"
      >
        <tr
          className="selectable-row"
          id="feedback-sessions-10101"
          key="10101"
          onClick={[Function]}
        >
          <td>
             
            10101
             
          </td>
          <td
            className="feedbackSession-row"
          >
            retro - 1
          </td>
          <td>
             
          </td>
        </tr>
        <tr
          className="selectable-row"
          id="feedback-sessions-10102"
          key="10102"
          onClick={[Function]}
        >
          <td>
             
            10102
             
          </td>
          <td
            className="feedbackSession-row"
          >
            retro - 2
          </td>
          <td>
             
          </td>
        </tr>
      </tbody>
    </table>
  </div>
</div>
`;
