// Jest Snapshot v1, https://goo.gl/fbAQLP

exports[`User result component snapshot should match the snapshot 1`] = `
<div
  className="UserResult"
>
  <div
    className="user-tile"
    key="undefined"
  >
    <img
      className="user-image"
      src="fake"
    />
    <div>
       
    </div>
  </div>
  <div
    className="user-tile"
    key="undefined"
  >
    <img
      className="user-image"
      src="fake"
    />
    <div>
       
    </div>
  </div>
</div>
`;
