// Jest Snapshot v1, https://goo.gl/fbAQLP

exports[`Team fund component snapshot should match the snapshot 1`] = `
<span
  className="team-fund-add-redeem-container"
  id="team-fund-add-redeem-container-id"
>
  <span
    className="add-redeem-team-fund-select"
  >
    <select
      id="team-fund-select-type-id"
      onChange={[Function]}
    >
      <option
        value=""
      >
        Select Fund Type
      </option>
    </select>
  </span>
  <span
    className="team-fund-amount-container"
  >
    Amount:
    <input
      className="team-fund-amount"
      id="team-fund-amount-id"
      onChange={[Function]}
      value={0}
    />
  </span>
  <span
    className="team-fund-submit-button"
  >
    <button
      className="team-fund-button"
      id="team-fund-cancel-button-id"
      onClick={[Function]}
    >
      Cancel
    </button>
    <button
      className="team-fund-button"
      id="team-fund-submit-button-id"
      onClick={[Function]}
    >
      Submit
    </button>
  </span>
</span>
`;
