// Jest Snapshot v1, https://goo.gl/fbAQLP

exports[`Show fund component snapshot should match the snapshot 1`] = `
<div
  className="team-fund-container"
  id="user-fund-container-id"
>
  <table
    id="fund-table-id"
  >
    <thead>
      <tr>
        <th>
          S.No
        </th>
        <th>
          Owner
        </th>
        <th>
          type
        </th>
        <th>
          Amount
        </th>
        <th>
          Added On
        </th>
      </tr>
    </thead>
    <tbody>
      <tr
        key="10"
      >
        <td>
          1
        </td>
        <td />
        <td />
        <td>
          10
        </td>
        <td />
      </tr>
      <tr
        key="11"
      >
        <td>
          2
        </td>
        <td />
        <td />
        <td>
          -10
        </td>
        <td />
      </tr>
    </tbody>
  </table>
</div>
`;
