// Jest Snapshot v1, https://goo.gl/fbAQLP

exports[` 1`] = `
<div
  className="retro-container"
  id="retro-container-id"
>
  <button
    className="retro-button"
    id="retro-button-id"
    onClick={[Function]}
    type="button"
  >
    Create Retro
  </button>
  <div>
    <table
      id="all-retros-ordered-list"
    >
      <thead>
        <tr
          className="retro-table-header"
        >
          <th>
             Id 
          </th>
          <th>
             Name 
          </th>
          <th>
             Created By 
          </th>
          <th>
             Maximum Vote 
          </th>
        </tr>
      </thead>
      <tbody
        className="retro-table-body"
        id="all-retro-table-body-id"
      >
        <tr
          className="selectable-row"
          id="retro-row-id-10"
          key="10"
          onClick={[Function]}
        >
          <td>
             
            10
             
          </td>
          <td
            className="retro-row"
          >
            retro - 1
          </td>
          <td>
             
            fake user - 1
          </td>
          <td>
             
          </td>
        </tr>
        <tr
          className="selectable-row"
          id="retro-row-id-11"
          key="11"
          onClick={[Function]}
        >
          <td>
             
            11
             
          </td>
          <td
            className="retro-row"
          >
            retro - 2
          </td>
          <td>
             
            fake user - 2
          </td>
          <td>
             
          </td>
        </tr>
      </tbody>
    </table>
  </div>
</div>
`;
