// Jest Snapshot v1, https://goo.gl/fbAQLP

exports[`Task result component snapshot should match the snapshot 1`] = `
<div
  className="task-result-container"
>
  <span
    className="task-create-container"
    id="task-create-container"
  >
    <input
      className="task-input-description"
      id="task-input-description"
      onChange={[Function]}
      value=""
    />
    <button
      className="task-button"
      id="task-create-button"
      onClick={[Function]}
    >
      Create
    </button>
  </span>
  <span>
    <div
      className="all-task-button-container"
    >
      <button
        className="task-button"
        id="tasks-button"
        onClick={[Function]}
      >
        All Tasks
      </button>
    </div>
    <table
      className="team-fund-table-id"
      id="team-fund-table-id"
    >
      <thead>
        <tr>
          <th>
            S.No
          </th>
          <th>
            Description
          </th>
          <th>
            Created
          </th>
          <th>
            In Progress
          </th>
          <th>
            On Hold
          </th>
          <th>
            Done
          </th>
        </tr>
      </thead>
      <tbody>
        <tr
          key="0"
        >
          <td>
            0
          </td>
          <td>
            task2
          </td>
          <td
            key="CREATED"
          >
            <input
              checked={false}
              className="task-state-radio-button"
              id="task-state-radio-button-CREATED-undefined"
              name="state-0"
              onChange={[Function]}
              type="radio"
            />
          </td>
          <td
            key="IN_PROGRESS"
          >
            <input
              checked={true}
              className="task-state-radio-button"
              id="task-state-radio-button-IN_PROGRESS-undefined"
              name="state-0"
              onChange={[Function]}
              type="radio"
            />
          </td>
          <td
            key="ON_HOLD"
          >
            <input
              checked={false}
              className="task-state-radio-button"
              id="task-state-radio-button-ON_HOLD-undefined"
              name="state-0"
              onChange={[Function]}
              type="radio"
            />
          </td>
          <td
            key="DONE"
          >
            <input
              checked={false}
              className="task-state-radio-button"
              id="task-state-radio-button-DONE-undefined"
              name="state-0"
              onChange={[Function]}
              type="radio"
            />
          </td>
        </tr>
        <tr
          key="1"
        >
          <td>
            1
          </td>
          <td>
            task1
          </td>
          <td
            key="CREATED"
          >
            <input
              checked={false}
              className="task-state-radio-button"
              id="task-state-radio-button-CREATED-undefined"
              name="state-1"
              onChange={[Function]}
              type="radio"
            />
          </td>
          <td
            key="IN_PROGRESS"
          >
            <input
              checked={true}
              className="task-state-radio-button"
              id="task-state-radio-button-IN_PROGRESS-undefined"
              name="state-1"
              onChange={[Function]}
              type="radio"
            />
          </td>
          <td
            key="ON_HOLD"
          >
            <input
              checked={false}
              className="task-state-radio-button"
              id="task-state-radio-button-ON_HOLD-undefined"
              name="state-1"
              onChange={[Function]}
              type="radio"
            />
          </td>
          <td
            key="DONE"
          >
            <input
              checked={false}
              className="task-state-radio-button"
              id="task-state-radio-button-DONE-undefined"
              name="state-1"
              onChange={[Function]}
              type="radio"
            />
          </td>
        </tr>
      </tbody>
    </table>
  </span>
</div>
`;
