// Jest Snapshot v1, https://goo.gl/fbAQLP

exports[`Question Result component snapshot should match the snapshot 1`] = `
<div
  className="input-field-for-question"
  id="ask-question-div"
>
  <form
    id="ask-question-form"
    onSubmit={[Function]}
  >
    <input
      id="ask-question-input-field"
      onChange={[Function]}
      type="text"
    />
    <textarea
      id="question-description-textarea"
      onChange={[Function]}
    />
    <select
      id="question-owner"
      onChange={[Function]}
    >
      <option
        key="user1"
      >
        user1
      </option>
      <option
        key="user2"
      >
        user2
      </option>
    </select>
    <select
      id="question-assigned-to"
      onChange={[Function]}
    >
      <option
        key="user1"
      >
        user1
      </option>
      <option
        key="user2"
      >
        user2
      </option>
    </select>
    <button
      id="ask-question-submit-button"
      type="submit"
      value="Submit"
    >
      Ask Question
    </button>
  </form>
</div>
`;
